// Jest Snapshot v1, https://goo.gl/fbAQLP

exports[`test <CadastroImovel> renders component 1`] = `undefined`;
