// Jest Snapshot v1, https://goo.gl/fbAQLP

exports[`test <AutoSuggestAddress> renders component 1`] = `undefined`;
